111111111111111111111
22222222
333cherry-pick
456789